src/components/Dashboard/ConsumerDashboard.tsx(8,18): error TS6133: 'LogOut' is declared but its value is never read.
src/components/Dashboard/ConsumerDashboard.tsx(11,10): error TS6133: 'BarChart' is declared but its value is never read.
src/components/Dashboard/ConsumerDashboard.tsx(11,20): error TS6133: 'Bar' is declared but its value is never read.
src/components/Dashboard/ConsumerDashboard.tsx(11,25): error TS6133: 'XAxis' is declared but its value is never read.
src/components/Dashboard/ConsumerDashboard.tsx(16,1): error TS6133: 'SupportQueries' is declared but its value is never read.
src/components/Dashboard/ConsumerDashboard.tsx(21,1): error TS6133: 'Settings' is declared but its value is never read.
src/components/Dashboard/ConsumerDashboard.tsx(203,34): error TS2304: Cannot find name 'FileText'.
